m00_couplers_imp_1TK4492: m00_couplers_imp_1TK4492
reg__58: reg__58
dsp48e1__13: dsp48e1__13
hdmi_tx_0: hdmi_tx_0
muxpart__92: muxpart__92
logic__1462: logic__1462
logic__1387: logic__1387
case__9: case__9
case__124: case__124
datapath__87: datapath__87
enemy_tank_right_palette__4: enemy_tank_right_palette
case__61: case__61
datapath__61: datapath__61
case__5: case__5
datapath__13: datapath__13
datapath__173: datapath__173
datapath__18: datapath__18
case__138: case__138
datapath__123: datapath__123
muxpart__93: muxpart__93
reg__48: reg__48
case__21: case__21
datapath__195: datapath__195
datapath__6: datapath__6
datapath__232: datapath__232
datapath__201: datapath__201
case__65: case__65
bullet_down_palette__6: bullet_down_palette
logic__344: logic__344
muxpart__75: muxpart__75
bullet_up_palette__4: bullet_up_palette
case__224: case__224
logic__66: logic__66
muxpart__94: muxpart__94
logic__1646: logic__1646
case__254: case__254
case__110: case__110
case__281: case__281
reg__40: reg__40
datapath__160: datapath__160
muxpart__141: muxpart__141
case__103: case__103
reg__113: reg__113
datapath__161: datapath__161
case__166: case__166
logic__334: logic__334
muxpart__55: muxpart__55
case__72: case__72
case__52: case__52
logic__161: logic__161
datapath__170: datapath__170
logic__471: logic__471
logic__1533: logic__1533
muxpart__135: muxpart__135
muxpart__121: muxpart__121
case__326: case__82
logic__276: logic__276
case__64: case__64
datapath__90: datapath__90
case__255: case__255
case__325: case__325
tank_right_rom__6: tank_right_rom
datapath__234: datapath__234
datapath__155: datapath__155
logic__880: logic__880
datapath__24: datapath__24
muxpart__57: muxpart__57
muxpart__100: muxpart__100
logic__16: logic__16
dsp48e1__10: dsp48e1__10
case__85: case__85
case: case
muxpart__96: muxpart__96
logic__491: logic__491
case__54: case__54
datapath__176: datapath__176
case__361: case__80
logic__1196: logic__1196
mb_block_dlmb_v10_0: mb_block_dlmb_v10_0
case__244: case__244
case__18: case__18
case__342: case__14
dsp48e1__25: dsp48e1__25
logic__1325: logic__1325
datapath__17: datapath__17
muxpart: muxpart
case__7: case__7
case__288: case__288
muxpart__6: muxpart__6
case__327: case__81
case__55: case__55
case__22: case__22
extladd__1: extladd__1
logic__554: logic__554
dsp48e1__8: dsp48e1__8
datapath__81: datapath__81
datapath__251: datapath__251
muxpart__101: muxpart__101
logic__647: logic__647
logic__831: logic__831
reg__18: reg__18
logic__1451: logic__1451
mb_block_axi_uartlite_0_0: mb_block_axi_uartlite_0_0
mb_block_microblaze_0_axi_periph_0: mb_block_microblaze_0_axi_periph_0
counter__11: counter__11
datapath__54: datapath__54
bullet_left_rom__6: bullet_left_rom
muxpart__105: muxpart__105
datapath__156: datapath__156
datapath__141: datapath__141
logic__589: logic__589
case__60: case__60
dsp48e1__3: dsp48e1__3
tank_down__xdcDup__1: tank_down__xdcDup__1
logic__366: logic__366
datapath__255: datapath__255
muxpart__91: muxpart__91
case__119: case__119
logic__286: logic__286
logic__847: logic__847
case__127: case__127
brick: brick
tank_left_palette__6: tank_left_palette
datapath__56: datapath__56
case__221: case__221
logic__1240: logic__1240
muxpart__143: muxpart__143
muxpart__95: muxpart__95
datapath__169: datapath__169
logic__1292: logic__1292
reg__93: reg__93
datapath__196: datapath__196
datapath__3: datapath__3
muxpart__64: muxpart__64
logic__1509: logic__1509
muxpart__123: muxpart__123
hex_driver__1: hex_driver
bullet_up__xdcDup__3: bullet_up__xdcDup__3
logic__1522: logic__1522
reg__78: reg__78
datapath__261: datapath__54
case__258: case__258
case__107: case__107
logic__1679: logic__1679
m03_couplers_imp_1VI1NO: m03_couplers_imp_1VI1NO
logic__894: logic__894
logic__569: logic__569
logic__543: logic__543
logic__1427: logic__1427
case__172: case__172
case__194: case__194
reg__117: reg__117
dsp48e1: dsp48e1
case__180: case__180
case__222: case__222
datapath__65: datapath__65
muxpart__36: muxpart__36
muxpart__128: muxpart__128
logic__780: logic__780
extladd__5: extladd__5
counter__3: counter__3
muxpart__34: muxpart__34
case__209: case__209
mb_block_clk_wiz_1_0: mb_block_clk_wiz_1_0
reg__26: reg__26
datapath__7: datapath__7
logic__731: logic__731
case__89: case__89
muxpart__83: muxpart__83
logic__716: logic__716
bullet_up__xdcDup__2: bullet_up__xdcDup__2
datapath__263: datapath__52
logic__1029: logic__1029
logic__149: logic__149
logic__619: logic__619
reg__74: reg__74
logic__564: logic__564
logic__1129: logic__1129
reg__67: reg__67
logic__625: logic__625
bullet_up_rom__6: bullet_up_rom
logic__54: logic__54
reg__34: reg__34
tank_down__xdcDup__3: tank_down__xdcDup__3
logic__765: logic__765
logic__1291: logic__1291
case__205: case__205
case__304: case__304
muxpart__38: muxpart__38
bullet_right__xdcDup__3: bullet_right__xdcDup__3
case__238: case__238
logic__1473: logic__1473
logic__1616: logic__1616
reg__6: reg__6
logic__1548: logic__1548
case__1: case__1
case__162: case__162
logic__797: logic__797
muxpart__52: muxpart__52
logic__930: logic__930
datapath__64: datapath__64
logic__910: logic__910
logic__685: logic__685
logic__1028: logic__1028
muxpart__9: muxpart__9
datapath__200: datapath__200
logic__732: logic__732
logic__1653: logic__1653
case__118: case__118
datapath__35: datapath__35
mb_block_mdm_1_0: mb_block_mdm_1_0
case__15: case__15
case__168: case__168
case__46: case__46
logic__1562: logic__1562
muxpart__148: muxpart__148
muxpart__98: muxpart__98
logic__943: logic__943
tank_right_palette__4: tank_right_palette
logic__496: logic__496
datapath__140: datapath__140
logic__672: logic__672
reg__50: reg__50
tank_left__xdcDup__2: tank_left__xdcDup__2
logic__1341: logic__1341
case__25: case__25
muxpart__78: muxpart__78
logic__862: logic__862
logic__157: logic__157
logic__573: logic__573
case__217: case__217
case__34: case__34
case__173: case__173
logic__1326: logic__1326
logic__530: logic__530
muxpart__152: muxpart__152
tank_right__xdcDup__3: tank_right__xdcDup__3
dsp48e1__18: dsp48e1__18
logic__1096: logic__1096
logic__1438: logic__1438
logic__927: logic__927
datapath__230: datapath__230
logic__1098: logic__1098
datapath__53: datapath__53
datapath__139: datapath__139
reg__118: reg__118
case__330: case__78
reg__29: reg__29
datapath: datapath
datapath__70: datapath__70
case__296: case__296
case__230: case__230
logic__495: logic__495
logic__1128: logic__1128
logic__1108: logic__1108
tank_down_rom__5: tank_down_rom
muxpart__18: muxpart__18
case__116: case__116
logic__813: logic__813
logic__603: logic__603
logic: logic
muxpart__77: muxpart__77
case__113: case__113
reg__54: reg__54
case__282: case__282
logic__390: logic__390
case__12: case__12
tank_left_palette__4: tank_left_palette
logic__863: logic__863
tank__parameterized0: tank__parameterized0
logic__21: logic__21
datapath__51: datapath__51
case__324: case__324
tank_left_rom__4: tank_left_rom
case__84: case__84
muxpart__113: muxpart__113
muxpart__145: muxpart__145
case__151: case__151
datapath__40: datapath__40
logic__534: logic__534
logic__1665: logic__1665
logic__192: logic__192
logic__1425: logic__1425
logic__978: logic__978
datapath__34: datapath__34
logic__899: logic__899
datapath__185: datapath__185
logic__292: logic__292
counter__16: counter__16
datapath__214: datapath__214
logic__801: logic__801
datapath__258: datapath__53
bullet_down: bullet_down
case__334: case__25
muxpart__130: muxpart__130
datapath__165: datapath__165
dsp48e1__24: dsp48e1__24
logic__828: logic__828
counter__20: counter__3
logic__458: logic__458
logic__879: logic__879
logic__511: logic__511
logic__1389: logic__1389
tank_explosion_multi: tank_explosion_multi
case__149: case__149
logic__1110: logic__1110
tank_left: tank_left
muxpart__151: muxpart__151
muxpart__74: muxpart__74
muxpart__59: muxpart__59
case__305: case__305
logic__1141: logic__1141
muxpart__40: muxpart__40
datapath__229: datapath__229
logic__317: logic__317
logic__570: logic__570
logic__131: logic__131
enemy_tank_left_palette__5: enemy_tank_left_palette
case__202: case__202
reg__125: reg__27
reg__66: reg__66
logic__472: logic__472
muxpart__31: muxpart__31
extladd__6: extladd__6
reg__71: reg__71
logic__539: logic__539
logic__531: logic__531
logic__1680: logic__157
datapath__110: datapath__110
logic__1026: logic__1026
case__274: case__274
logic__1583: logic__1583
logic__1011: logic__1011
reg__85: reg__85
logic__1296: logic__1296
case__210: case__210
case__100: case__100
datapath__125: datapath__125
counter__4: counter__4
muxpart__44: muxpart__44
logic__585: logic__585
bullet_left_rom__5: bullet_left_rom
logic__895: logic__895
datapath__121: datapath__121
reg__42: reg__42
case__182: case__182
logic__1061: logic__1061
dsp48e1__23: dsp48e1__23
logic__1194: logic__1194
case__367: case
reg__55: reg__55
datapath__147: datapath__147
logic__702: logic__702
muxpart__8: muxpart__8
reg: reg
case__229: case__229
datapath__243: datapath__243
case__215: case__215
datapath__193: datapath__193
logic__932: logic__932
logic__492: logic__492
datapath__49: datapath__49
logic__999: logic__999
logic__912: logic__912
muxpart__49: muxpart__49
muxpart__11: muxpart__11
logic__582: logic__582
logic__1422: logic__1422
datapath__191: datapath__191
logic__735: logic__735
counter__19: counter__4
case__279: case__279
reg__89: reg__89
case__226: case__226
case__47: case__47
logic__696: logic__696
case__259: case__259
brick_palette: brick_palette
logic__526: logic__526
datapath__219: datapath__219
bullet_down_rom__4: bullet_down_rom
tank_left_palette: tank_left_palette
logic__864: logic__864
datapath__174: datapath__174
bullet_up: bullet_up
datapath__2: datapath__2
case__19: case__19
logic__1210: logic__1210
case__308: case__308
logic__1097: logic__1097
logic__1550: logic__1550
datapath__256: datapath__256
muxpart__154: muxpart__3
datapath__19: datapath__19
logic__36: logic__36
datapath__215: datapath__215
muxpart__157: muxpart
logic__1321: logic__1321
logic__1627: logic__1627
logic__524: logic__524
case__243: case__243
logic__1275: logic__1275
case__359: case__82
case__293: case__293
bullet_left_rom__4: bullet_left_rom
logic__1224: logic__1224
logic__1523: logic__1523
tank_right_palette__6: tank_right_palette
datapath__228: datapath__228
dsp48e1__19: dsp48e1__19
datapath__1: datapath__1
mb_block_lmb_bram_0: mb_block_lmb_bram_0
case__355: case__4
datapath__55: datapath__55
case__332: case__25
muxpart__133: muxpart__133
logic__960: logic__960
case__97: case__97
muxpart__88: muxpart__88
case__108: case__108
logic__124: logic__124
reg__108: reg__108
muxpart__1: muxpart__1
datapath__152: datapath__152
reg__4: reg__4
logic__1359: logic__1359
logic__47: logic__47
mb_block_ilmb_bram_if_cntlr_0: mb_block_ilmb_bram_if_cntlr_0
reg__70: reg__70
bullet_down__xdcDup__1: bullet_down__xdcDup__1
logic__1582: logic__1582
microblaze_0_local_memory_imp_G5BFEQ: microblaze_0_local_memory_imp_G5BFEQ
datapath__85: datapath__85
logic__913: logic__913
logic__1260: logic__1260
reg__47: reg__47
muxpart__106: muxpart__106
bullet_down_palette__4: bullet_down_palette
datapath__264: datapath__51
logic__763: logic__763
counter__21: counter
logic__646: logic__646
logic__665: logic__665
logic__1288: logic__1288
case__56: case__56
logic__1394: logic__1394
tank_up_rom__4: tank_up_rom
datapath__100: datapath__100
reg__9: reg__9
logic__121: logic__121
muxpart__112: muxpart__112
logic__1612: logic__1612
case__142: case__142
tank_left_rom__5: tank_left_rom
datapath__39: datapath__39
reg__79: reg__79
tank_down_palette__4: tank_down_palette
datapath__132: datapath__132
muxpart__118: muxpart__118
muxpart__76: muxpart__76
reg__124: reg__28
case__250: case__250
datapath__247: datapath__247
case__125: case__125
case__312: case__312
logic__267: logic__267
dsp48e1__9: dsp48e1__9
tank_up: tank_up
case__42: case__42
tank_up_rom__5: tank_up_rom
datapath__175: datapath__175
case__136: case__136
logic__575: logic__575
reg__25: reg__25
case__184: case__184
counter__8: counter__8
datapath__115: datapath__115
datapath__183: datapath__183
logic__532: logic__532
case__45: case__45
datapath__20: datapath__20
datapath__205: datapath__205
bullet_right_palette__4: bullet_right_palette
case__133: case__133
case__28: case__28
case__71: case__71
logic__605: logic__605
case__337: case__19
case__353: case__4
case__287: case__287
logic__519: logic__519
reg__45: reg__45
logic__961: logic__961
case__49: case__49
logic__1633: logic__1633
muxpart__5: muxpart__5
case__318: case__318
logic__1327: logic__1327
tank__parameterized2: tank__parameterized2
datapath__12: datapath__12
logic__1484: logic__1484
case__27: case__27
logic__657: logic__657
logic__265: logic__265
case__346: case__13
case__36: case__36
logic__1639: logic__1639
logic__1580: logic__1580
case__185: case__185
case__275: case__275
datapath__66: datapath__66
tank_top_level: tank_top_level
case__198: case__198
muxpart__43: muxpart__43
muxpart__10: muxpart__10
logic__620: logic__620
muxpart__87: muxpart__87
reg__53: reg__53
case__188: case__188
logic__518: logic__518
datapath__129: datapath__129
case__96: case__96
logic__1193: logic__1193
case__76: case__76
logic__945: logic__945
case__212: case__212
tank_up_rom: tank_up_rom
reg__76: reg__76
case__130: case__130
case__150: case__150
reg__57: reg__57
case__251: case__251
logic__634: logic__634
datapath__48: datapath__48
datapath__182: datapath__182
logic__41: logic__41
logic__1259: logic__1259
logic__660: logic__660
logic__457: logic__457
logic__1361: logic__1361
datapath__103: datapath__103
case__264: case__264
datapath__239: datapath__239
logic__579: logic__579
case__323: case__323
logic__433: logic__433
logic__478: logic__478
reg__49: reg__49
extladd: extladd
logic__1593: logic__1593
mb_block_axi_timer_0_0: mb_block_axi_timer_0_0
reg__97: reg__97
logic__1391: logic__1391
datapath__92: datapath__92
datapath__135: datapath__135
logic__273: logic__273
logic__626: logic__626
logic__1306: logic__1306
logic__196: logic__196
logic__356: logic__356
logic__1537: logic__1537
logic__1685: logic__154
tank_down_palette__6: tank_down_palette
muxpart__115: muxpart__115
muxpart__14: muxpart__14
logic__861: logic__861
muxpart__146: muxpart__146
enemy_tank_right_palette__6: enemy_tank_right_palette
logic__799: logic__799
logic__167: logic__167
logic__475: logic__475
enemy_tank_down_palette__4: enemy_tank_down_palette
datapath__46: datapath__46
datapath__163: datapath__163
logic__79: logic__79
logic__1581: logic__1581
logic__929: logic__929
case__35: case__35
tank_up_palette__6: tank_up_palette
muxpart__150: muxpart__150
logic__1276: logic__1276
datapath__47: datapath__47
enemy_tank_left_palette: enemy_tank_left_palette
case__74: case__74
datapath__95: datapath__95
case__284: case__284
muxpart__102: muxpart__102
logic__925: logic__925
datapath__207: datapath__207
logic__177: logic__177
datapath__136: datapath__136
dsp48e1__20: dsp48e1__20
datapath__120: datapath__120
reg__87: reg__87
logic__844: logic__844
logic__1164: logic__1164
logic__245: logic__245
tank_right_rom__4: tank_right_rom
logic__900: logic__900
m04_couplers_imp_1SCR8U8: m04_couplers_imp_1SCR8U8
case__341: case__14
logic__89: logic__89
muxpart__138: muxpart__138
muxpart__114: muxpart__114
logic__1358: logic__1358
case__139: case__139
case__266: case__266
muxpart__48: muxpart__48
datapath__212: datapath__212
datapath__199: datapath__199
reg__21: reg__21
reg__83: reg__83
muxpart__71: muxpart__71
logic__958: logic__958
datapath__22: datapath__22
logic__1609: logic__1609
bullet_left_rom: bullet_left_rom
datapath__222: datapath__222
muxpart__86: muxpart__86
case__14: case__14
case__286: case__286
datapath__211: datapath__211
muxpart__54: muxpart__54
logic__1536: logic__1536
logic__695: logic__695
tank_right__xdcDup__2: tank_right__xdcDup__2
case__213: case__213
tank_left__xdcDup__1: tank_left__xdcDup__1
logic__767: logic__767
logic__266: logic__266
muxpart__16: muxpart__16
tank_down: tank_down
counter__2: counter__2
logic__700: logic__700
datapath__158: datapath__158
logic__401: logic__401
bullet_left_palette: bullet_left_palette
reg__27: reg__27
datapath__45: datapath__45
case__178: case__178
logic__964: logic__964
bullet_down__xdcDup__2: bullet_down__xdcDup__2
reg__41: reg__41
datapath__67: datapath__67
case__345: case__13
case__197: case__197
case__256: case__256
logic__1681: logic__154
dsp48e1__14: dsp48e1__14
muxpart__45: muxpart__45
datapath__23: datapath__23
datapath__69: datapath__69
muxpart__17: muxpart__17
logic__1659: logic__1659
logic__599: logic__599
logic__1177: logic__1177
muxpart__62: muxpart__62
datapath__75: datapath__75
case__204: case__204
case__40: case__40
logic__624: logic__624
extladd__2: extladd__2
datapath__28: datapath__28
muxpart__24: muxpart__24
case__117: case__117
muxpart__82: muxpart__82
case__29: case__29
case__82: case__82
logic__1596: logic__1596
logic__1426: logic__1426
case__265: case__265
logic__1632: logic__1632
case__354: case__4
logic__5: logic__5
case__126: case__126
muxpart__51: muxpart__51
logic__865: logic__865
reg__52: reg__52
logic__535: logic__535
logic__1065: logic__1065
logic__631: logic__631
bullet_left__xdcDup__1: bullet_left__xdcDup__1
case__68: case__68
logic__1408: logic__1408
datapath__153: datapath__153
logic__730: logic__730
extladd__7: extladd__7
reg__99: reg__99
logic__593: logic__593
muxpart__33: muxpart__33
logic__1075: logic__1075
case__146: case__146
logic__996: logic__996
case__31: case__31
case__329: case__79
datapath__42: datapath__42
datapath__31: datapath__31
logic__1077: logic__1077
dsp48e1__17: dsp48e1__17
case__239: case__239
datapath__166: datapath__166
tank_down_rom__4: tank_down_rom
reg__119: reg__119
logic__436: logic__436
logic__1628: logic__1628
reg__90: reg__90
logic__73: logic__73
counter__12: counter__12
logic__946: logic__946
case__301: case__301
datapath__253: datapath__253
muxpart__69: muxpart__69
logic__146: logic__146
case__246: case__246
logic__1374: logic__1374
datapath__143: datapath__143
reg__69: reg__69
logic__359: logic__359
case__313: case__313
case__363: case__78
logic__455: logic__455
logic__321: logic__321
reg__107: reg__107
case__109: case__109
case__343: case__14
case__216: case__216
muxpart__79: muxpart__79
logic__456: logic__456
tank_right_palette: tank_right_palette
case__179: case__179
datapath__206: datapath__206
logic__477: logic__477
reg__122: reg__26
logic__516: logic__516
case__200: case__200
counter__6: counter__6
logic__1059: logic__1059
logic__187: logic__187
case__140: case__140
xlconcat_v2_1_4_xlconcat: xlconcat_v2_1_4_xlconcat
case__234: case__234
logic__1160: logic__1160
muxpart__144: muxpart__144
muxpart__23: muxpart__23
datapath__236: datapath__236
case__280: case__280
muxpart__129: muxpart__129
case__128: case__128
datapath__131: datapath__131
reg__23: reg__23
logic__1357: logic__1357
tank_up_rom__6: tank_up_rom
case__153: case__153
tank_up_palette__4: tank_up_palette
case__137: case__137
case__160: case__160
case__364: case__77
logic__595: logic__595
logic__337: logic__337
logic__621: logic__621
case__211: case__211
bullet_right_palette__5: bullet_right_palette
muxpart__140: muxpart__140
logic__1642: logic__1642
case__336: case__19
logic__979: logic__979
datapath__82: datapath__82
datapath__189: datapath__189
reg__20: reg__20
logic__669: logic__669
case__111: case__111
case__352: case__8
reg__82: reg__82
color_picker__GB2: color_picker__GB2
case__231: case__231
logic__1123: logic__1123
logic__1375: logic__1375
enemy_tank_down_palette__6: enemy_tank_down_palette
reg__13: reg__13
tank_top_level__xdcDup__1: tank_top_level__xdcDup__1
logic__234: logic__234
tank: tank
logic__1309: logic__1309
logic__655: logic__655
logic__1189: logic__1189
counter__14: counter__14
logic__1549: logic__1549
logic__617: logic__617
datapath__106: datapath__106
logic__82: logic__82
logic__168: logic__168
bullet_right: bullet_right
datapath__79: datapath__79
case__77: case__77
muxpart__81: muxpart__81
case__13: case__13
datapath__220: datapath__220
logic__1690: logic__1
datapath__184: datapath__184
muxpart__90: muxpart__90
logic__1390: logic__1390
logic__832: logic__832
mb_block_microblaze_0_0: mb_block_microblaze_0_0
case__37: case__37
reg__38: reg__38
logic__766: logic__766
case__39: case__39
case__152: case__152
logic__490: logic__490
case__220: case__220
case__129: case__129
reg__112: reg__112
datapath__98: datapath__98
datapath__238: datapath__238
logic__1093: logic__1093
case__360: case__81
datapath__198: datapath__198
color_picker__GB3: color_picker__GB3
logic__1634: logic__1634
case__257: case__257
datapath__223: datapath__223
logic__1329: logic__1329
muxpart__127: muxpart__127
bullet_down_rom__5: bullet_down_rom
enemy_ai_controller: enemy_ai_controller
logic__104: logic__104
logic__1243: logic__1243
enemy_tank_down_palette__5: enemy_tank_down_palette
logic__493: logic__493
counter__5: counter__5
logic__1176: logic__1176
datapath__32: datapath__32
datapath__89: datapath__89
muxpart__126: muxpart__126
logic__1423: logic__1423
tank_up__xdcDup__2: tank_up__xdcDup__2
logic__154: logic__154
logic__474: logic__474
case__366: case__1
logic__541: logic__541
logic__1230: logic__1230
datapath__130: datapath__130
reg__32: reg__32
logic__1424: logic__1424
case__171: case__171
reg__31: reg__31
case__158: case__158
datapath__38: datapath__38
logic__203: logic__203
datapath__60: datapath__60
logic__1323: logic__1323
case__339: case__18
logic__898: logic__898
reg__92: reg__92
logic__527: logic__527
mb_block_microblaze_0_axi_intc_0: mb_block_microblaze_0_axi_intc_0
case__90: case__90
datapath__254: datapath__254
datapath__102: datapath__102
case__41: case__41
logic__1356: logic__1356
reg__56: reg__56
reg__37: reg__37
datapath__167: datapath__167
logic__846: logic__846
logic__867: logic__867
logic__1688: logic__3
logic__1579: logic__1579
muxpart__2: muxpart__2
logic__1290: logic__1290
muxpart__108: muxpart__108
muxpart__142: muxpart__142
logic__515: logic__515
datapath__91: datapath__91
reg__77: reg__77
bullet_up__xdcDup__1: bullet_up__xdcDup__1
case__277: case__277
logic__1126: logic__1126
case__225: case__225
bullet_right_palette: bullet_right_palette
hex_driver: hex_driver
logic__39: logic__39
logic__1393: logic__1393
case__349: case__9
logic__2: logic__2
logic__670: logic__670
muxpart__85: muxpart__85
case__134: case__134
case__186: case__186
logic__1227: logic__1227
case__135: case__135
datapath__218: datapath__218
logic__701: logic__701
muxpart__47: muxpart__47
muxpart__72: muxpart__72
datapath__149: datapath__149
muxpart__97: muxpart__97
datapath__124: datapath__124
muxpart__149: muxpart__149
datapath__62: datapath__62
logic__443: logic__443
case__177: case__177
muxpart__63: muxpart__63
logic__1024: logic__1024
datapath__159: datapath__159
logic__494: logic__494
logic__1207: logic__1207
reg__88: reg__88
logic__1257: logic__1257
datapath__133: datapath__133
enemy_tank_right_palette: enemy_tank_right_palette
tank_up_palette__5: tank_up_palette
case__317: case__317
case__328: case__80
datapath__71: datapath__71
tank_top_level__xdcDup__3: tank_top_level__xdcDup__3
case__289: case__289
logic__596: logic__596
logic__793: logic__793
case__348: case__9
datapath__235: datapath__235
bullet_up_palette__6: bullet_up_palette
logic__517: logic__517
logic__12: logic__12
datapath__33: datapath__33
logic__1158: logic__1158
datapath__197: datapath__197
logic__1372: logic__1372
case__66: case__66
reg__96: reg__96
reg__109: reg__109
datapath__237: datapath__237
enemy_tank_right_palette__5: enemy_tank_right_palette
case__241: case__241
mb_block_axi_quad_spi_0_0: mb_block_axi_quad_spi_0_0
muxpart__107: muxpart__107
datapath__84: datapath__84
case__358: case__3
case__333: case__25
case__58: case__58
logic__800: logic__800
datapath__5: datapath__5
datapath__208: datapath__208
counter__10: counter__10
datapath__111: datapath__111
s00_couplers_imp_5YIJ0K: s00_couplers_imp_5YIJ0K
bullet_up_rom__4: bullet_up_rom
reg__105: reg__105
player_controller: player_controller
dsp48e1__5: dsp48e1__5
logic__23: logic__23
clk_wiz_0: clk_wiz_0
logic__764: logic__764
muxpart__41: muxpart__41
logic__668: logic__668
case__101: case__101
counter__15: counter__15
datapath__157: datapath__157
logic__629: logic__629
logic__651: logic__651
case__227: case__227
logic__193: logic__193
reg__101: reg__101
datapath__162: datapath__162
reg__15: reg__15
logic__1407: logic__1407
case__260: case__260
logic__798: logic__798
case__73: case__73
muxpart__111: muxpart__111
muxpart__84: muxpart__84
datapath__127: datapath__127
logic__1328: logic__1328
level_one: level_one
logic__577: logic__577
reg__116: reg__116
case__62: case__62
logic__892: logic__892
reg__16: reg__16
case__120: case__120
dsp48e1__7: dsp48e1__7
base_rom: base_rom
case__105: case__105
muxpart__89: muxpart__89
logic__1261: logic__1261
case__193: case__193
case__4: case__4
case__233: case__233
bullet_right_palette__6: bullet_right_palette
case__80: case__80
dsp48e1__6: dsp48e1__6
muxpart__119: muxpart__119
logic__834: logic__834
muxpart__67: muxpart__67
case__276: case__276
case__261: case__261
extladd__4: extladd__4
logic__218: logic__218
logic__1647: logic__1647
datapath__29: datapath__29
logic__896: logic__896
case__214: case__214
logic__378: logic__378
muxpart__103: muxpart__103
logic__1162: logic__1162
muxpart__13: muxpart__13
bullet_left_palette__4: bullet_left_palette
case__114: case__114
reg__115: reg__115
bullet_left__xdcDup__3: bullet_left__xdcDup__3
logic__1308: logic__1308
logic__1686: logic__153
case__322: case__322
dsp48e1__2: dsp48e1__2
datapath__224: datapath__224
reg__114: reg__114
counter__9: counter__9
logic__108: logic__108
bullet_down__xdcDup__3: bullet_down__xdcDup__3
case__98: case__98
logic__1: logic__1
case__79: case__79
logic__561: logic__561
counter__18: counter__3
logic__1030: logic__1030
reg__17: reg__17
logic__664: logic__664
reg__127: reg__25
case__203: case__203
datapath__26: datapath__26
reg__44: reg__44
datapath__192: datapath__192
muxpart__109: muxpart__109
tank_down_palette: tank_down_palette
case__163: case__163
logic__1062: logic__1062
case__123: case__123
case__32: case__32
logic__382: logic__382
logic__590: logic__590
case__208: case__208
logic__291: logic__291
datapath__148: datapath__148
logic__726: logic__726
logic__538: logic__538
datapath__88: datapath__88
datapath__77: datapath__77
logic__1255: logic__1255
logic__965: logic__965
reg__81: reg__81
enemy_tank_left_palette__4: enemy_tank_left_palette
logic__966: logic__966
muxpart__153: muxpart__153
reg__30: reg__30
logic__877: logic__877
logic__120: logic__120
case__253: case__253
logic__1263: logic__1263
reg__123: reg__25
logic__340: logic__340
muxpart__156: muxpart__1
case__121: case__121
logic__325: logic__325
datapath__202: datapath__202
counter__13: counter__13
datapath__99: datapath__99
case__93: case__93
logic__1565: logic__1565
logic__1595: logic__1595
datapath__9: datapath__9
m02_couplers_imp_1ST4AV9: m02_couplers_imp_1ST4AV9
reg__80: reg__80
case__278: case__278
reg__7: reg__7
logic__1684: logic__157
datapath__122: datapath__122
reg__11: reg__11
case__167: case__167
logic__781: logic__781
logic__1566: logic__1566
datapath__262: datapath__53
datapath__57: datapath__57
datapath__4: datapath__4
datapath__178: datapath__178
datapath__68: datapath__68
bullet_right_rom__5: bullet_right_rom
datapath__36: datapath__36
muxpart__29: muxpart__29
logic__1293: logic__1293
datapath__240: datapath__240
logic__1687: logic__150
datapath__96: datapath__96
logic__602: logic__602
case__63: case__63
enemy_tank_up_palette__4: enemy_tank_up_palette
logic__1159: logic__1159
logic__623: logic__623
datapath__27: datapath__27
logic__1226: logic__1226
case__351: case__8
tank_down_rom: tank_down_rom
case__156: case__156
datapath__142: datapath__142
logic__1042: logic__1042
datapath__97: datapath__97
datapath__246: datapath__246
case__10: case__10
logic__698: logic__698
logic__1092: logic__1092
logic__1156: logic__1156
datapath__11: datapath__11
case__344: case__13
logic__995: logic__995
muxpart__117: muxpart__117
datapath__107: datapath__107
logic__1521: logic__1521
datapath__8: datapath__8
logic__202: logic__202
logic__734: logic__734
logic__1611: logic__1611
datapath__242: datapath__242
logic__301: logic__301
tank_right_palette__5: tank_right_palette
enemy_tank_up_palette__6: enemy_tank_up_palette
logic__587: logic__587
m05_couplers_imp_2FAMHT: m05_couplers_imp_2FAMHT
case__33: case__33
logic__1496: logic__1496
logic__385: logic__385
case__141: case__141
logic__1428: logic__1428
logic__628: logic__628
case__206: case__206
logic__222: logic__222
case__122: case__122
reg__62: reg__62
dsp48e1__12: dsp48e1__12
case__104: case__104
logic__778: logic__778
case__262: case__262
muxpart__61: muxpart__61
case__235: case__235
logic__704: logic__704
reg__94: reg__94
case__321: case__321
reg__8: reg__8
case__51: case__51
logic__1635: logic__1635
logic__993: logic__993
muxpart__110: muxpart__110
logic__78: logic__78
mb_block_microblaze_0_xlconcat_0: mb_block_microblaze_0_xlconcat_0
logic__963: logic__963
logic__1439: logic__1439
bullet_left_palette__5: bullet_left_palette
case__245: case__245
logic__1258: logic__1258
datapath__73: datapath__73
datapath__168: datapath__168
reg__63: reg__63
logic__416: logic__416
logic__1009: logic__1009
datapath__52: datapath__52
counter__1: counter__1
reg__10: reg__10
logic__1294: logic__1294
case__106: case__106
reg__59: reg__59
logic__814: logic__814
logic__897: logic__897
case__48: case__48
logic__60: logic__60
case__43: case__43
logic__1064: logic__1064
logic__52: logic__52
case__11: case__11
logic__795: logic__795
m01_couplers_imp_UT2LJ: m01_couplers_imp_UT2LJ
case__86: case__86
logic__928: logic__928
reg__98: reg__98
case__223: case__223
case__154: case__154
datapath__204: datapath__204
datapath__180: datapath__180
muxpart__60: muxpart__60
logic__1508: logic__1508
reg__86: reg__86
logic__1032: logic__1032
case__248: case__248
logic__1125: logic__1125
logic__991: logic__991
tank_right: tank_right
enemy_tank_up_palette__5: enemy_tank_up_palette
datapath__112: datapath__112
logic__1130: logic__1130
enemy_ai_controller__1: enemy_ai_controller
logic__88: logic__88
logic__1564: logic__1564
case__164: case__164
reg__106: reg__106
case__298: case__298
base_palette: base_palette
case__362: case__79
logic__866: logic__866
case__357: case__3
case__267: case__267
case__299: case__299
logic__546: logic__546
logic__44: logic__44
logic__1551: logic__1551
muxpart__66: muxpart__66
logic__1362: logic__1362
logic__153: logic__153
logic__733: logic__733
case__331: case__77
logic__1209: logic__1209
logic__830: logic__830
bullet_down_rom: bullet_down_rom
logic__375: logic__375
muxpart__136: muxpart__136
reg__5: reg__5
case__169: case__169
logic__1395: logic__1395
counter__7: counter__7
logic__1161: logic__1161
case__190: case__190
case__218: case__218
muxpart__15: muxpart__15
datapath__171: datapath__171
datapath__10: datapath__10
logic__394: logic__394
logic__703: logic__703
datapath__150: datapath__150
reg__12: reg__12
case__295: case__295
datapath__78: datapath__78
datapath__179: datapath__179
case__161: case__161
muxpart__116: muxpart__116
logic__235: logic__235
muxpart__155: muxpart__2
color_picker__GB4: color_picker__GB4
logic__1174: logic__1174
m06_couplers_imp_1QRRYF7: m06_couplers_imp_1QRRYF7
logic__37: logic__37
case__3: case__3
vga_controller: vga_controller
case__176: case__176
case__335: case__19
datapath__105: datapath__105
datapath__83: datapath__83
datapath__43: datapath__43
tank_left_rom__6: tank_left_rom
case__306: case__306
case__187: case__187
case__294: case__294
datapath__177: datapath__177
tank_left__xdcDup__3: tank_left__xdcDup__3
enemy_tank_down_palette: enemy_tank_down_palette
datapath__118: datapath__118
logic__522: logic__522
case__20: case__20
datapath__154: datapath__154
case__290: case__290
reg__24: reg__24
color_picker__GB0: color_picker__GB0
case__310: case__310
case__148: case__148
datapath__108: datapath__108
logic__364: logic__364
logic__601: logic__601
datapath__209: datapath__209
dsp48e1__4: dsp48e1__4
case__297: case__297
logic__1229: logic__1229
muxpart__122: muxpart__122
logic__1063: logic__1063
logic__283: logic__283
datapath__227: datapath__227
datapath__245: datapath__245
muxpart__46: muxpart__46
reg__73: reg__73
case__195: case__195
case__57: case__57
logic__1045: logic__1045
tank_left_palette__5: tank_left_palette
logic__591: logic__591
logic__747: logic__747
reg__84: reg__84
datapath__116: datapath__116
logic__1420: logic__1420
logic__257: logic__257
case__145: case__145
logic__576: logic__576
logic__1577: logic__1577
logic__158: logic__158
tank_right_rom__5: tank_right_rom
case__309: case__309
logic__523: logic__523
muxpart__132: muxpart__132
datapath__225: datapath__225
logic__1012: logic__1012
reg__22: reg__22
case__300: case__300
logic__829: logic__829
logic__762: logic__762
tank_up__xdcDup__3: tank_up__xdcDup__3
case__95: case__95
logic__1615: logic__1615
muxpart__50: muxpart__50
logic__365: logic__365
case__307: case__307
logic__630: logic__630
logic__1163: logic__1163
case__92: case__92
logic__391: logic__391
logic__1273: logic__1273
logic__1095: logic__1095
muxpart__137: muxpart__137
datapath__231: datapath__231
logic__686: logic__686
reg__61: reg__61
datapath__203: datapath__203
datapath__257: datapath__54
reg__104: reg__104
muxpart__25: muxpart__25
case__2: case__2
logic__1262: logic__1262
case__99: case__99
dsp48e1__1: dsp48e1__1
logic__1295: logic__1295
case__270: case__270
case__38: case__38
logic__826: logic__826
reg__100: reg__100
mb_block_dlmb_bram_if_cntlr_0: mb_block_dlmb_bram_if_cntlr_0
datapath__137: datapath__137
logic__1242: logic__1242
case__189: case__189
logic__745: logic__745
logic__1195: logic__1195
logic__3: logic__3
muxpart__124: muxpart__124
case__356: case__3
case__319: case__319
logic__1144: logic__1144
logic__112: logic__112
datapath__76: datapath__76
reg__3: reg__3
logic__420: logic__420
logic__432: logic__432
reg__121: reg__27
reg__46: reg__46
color_picker__GB1: color_picker__GB1
mb_block_axi_gpio_0_0: mb_block_axi_gpio_0_0
case__347: case__9
tank_up__xdcDup__1: tank_up__xdcDup__1
logic__760: logic__760
mb_block: mb_block
logic__691: logic__691
logic__372: logic__372
case__252: case__252
logic__1127: logic__1127
reg__35: reg__35
bullet_up_palette__5: bullet_up_palette
logic__1610: logic__1610
case__17: case__17
bullet_left: bullet_left
case__237: case__237
datapath__188: datapath__188
datapath__113: datapath__113
case__273: case__273
datapath__244: datapath__244
case__181: case__181
reg__1: reg__1
case__272: case__272
datapath__30: datapath__30
logic__1143: logic__1143
logic__633: logic__633
logic__722: logic__722
case__44: case__44
logic__1648: logic__1648
muxpart__26: muxpart__26
reg__64: reg__64
muxpart__70: muxpart__70
logic__714: logic__714
logic__618: logic__618
logic__260: logic__260
muxpart__99: muxpart__99
logic__1689: logic__2
muxpart__80: muxpart__80
datapath__233: datapath__233
case__83: case__83
logic__1654: logic__1654
datapath__104: datapath__104
muxpart__32: muxpart__32
case__175: case__175
datapath__213: datapath__213
logic__400: logic__400
muxpart__147: muxpart__147
mb_block_ilmb_v10_0: mb_block_ilmb_v10_0
reg__43: reg__43
logic__748: logic__748
logic__1111: logic__1111
datapath__101: datapath__101
dsp48e1__16: dsp48e1__16
datapath__190: datapath__190
case__157: case__157
tank_top_level__xdcDup__2: tank_top_level__xdcDup__2
logic__1197: logic__1197
muxpart__125: muxpart__125
logic__1094: logic__1094
datapath__14: datapath__14
datapath__44: datapath__44
case__242: case__242
extladd__3: extladd__3
logic__302: logic__302
reg__91: reg__91
logic__473: logic__473
logic__998: logic__998
reg__120: reg__28
logic__644: logic__644
datapath__249: datapath__249
logic__581: logic__581
bullet_right_rom__6: bullet_right_rom
logic__24: logic__24
logic__514: logic__514
logic__166: logic__166
case__6: case__6
case__271: case__271
logic__497: logic__497
datapath__252: datapath__252
logic__512: logic__512
case__292: case__292
logic__606: logic__606
logic__550: logic__550
datapath__80: datapath__80
case__263: case__263
logic__1405: logic__1405
bullet_up_rom: bullet_up_rom
reg__36: reg__36
datapath__72: datapath__72
muxpart__104: muxpart__104
muxpart__22: muxpart__22
logic__931: logic__931
counter__17: counter__4
case__247: case__247
reg__110: reg__110
muxpart__20: muxpart__20
datapath__74: datapath__74
bullet_up_rom__5: bullet_up_rom
dsp48e1__11: dsp48e1__11
tank_left_rom: tank_left_rom
mb_block_xbar_0: mb_block_xbar_0
logic__1060: logic__1060
counter: counter
logic__1392: logic__1392
datapath__126: datapath__126
logic__1191: logic__1191
case__170: case__170
reg__65: reg__65
datapath__145: datapath__145
reg__72: reg__72
case__91: case__91
case__183: case__183
datapath__172: datapath__172
datapath__109: datapath__109
case__285: case__285
muxpart__4: muxpart__4
logic__184: logic__184
case__315: case__315
case__196: case__196
muxpart__30: muxpart__30
dsp48e1__15: dsp48e1__15
enemy_ai_controller__2: enemy_ai_controller
logic__560: logic__560
logic__1360: logic__1360
case__8: case__8
datapath__250: datapath__250
logic__1090: logic__1090
logic__933: logic__933
case__78: case__78
dsp48e1__21: dsp48e1__21
logic__1031: logic__1031
logic__533: logic__533
logic__1057: logic__1057
datapath__260: datapath__51
logic__976: logic__976
base: base
logic__567: logic__567
mb_usb_hdmi_top__GC0: mb_usb_hdmi_top__GC0
case__350: case__8
muxpart__56: muxpart__56
logic__498: logic__498
datapath__226: datapath__226
logic__333: logic__333
case__102: case__102
logic__607: logic__607
case__159: case__159
logic__424: logic__424
logic__632: logic__632
case__67: case__67
logic__683: logic__683
case__131: case__131
datapath__15: datapath__15
logic__180: logic__180
logic__1626: logic__1626
logic__295: logic__295
datapath__151: datapath__151
muxpart__68: muxpart__68
dsp48e1__22: dsp48e1__22
datapath__181: datapath__181
case__30: case__30
logic__540: logic__540
logic__1506: logic__1506
datapath__134: datapath__134
muxpart__35: muxpart__35
datapath__164: datapath__164
tank_right__xdcDup__1: tank_right__xdcDup__1
bullet_down_rom__6: bullet_down_rom
reg__39: reg__39
reg__33: reg__33
logic__70: logic__70
logic__688: logic__688
logic__1640: logic__1640
tank_up_palette: tank_up_palette
logic__525: logic__525
logic__238: logic__238
case__16: case__16
logic__1535: logic__1535
case__365: case__2
datapath__37: datapath__37
muxpart__65: muxpart__65
logic__768: logic__768
case__283: case__283
logic__542: logic__542
case__311: case__311
logic__604: logic__604
muxpart__120: muxpart__120
datapath__210: datapath__210
reg__28: reg__28
reg__51: reg__51
logic__63: logic__63
tank_down_palette__5: tank_down_palette
logic__226: logic__226
case__320: case__320
logic__796: logic__796
bullet_up_palette: bullet_up_palette
case__174: case__174
logic__40: logic__40
reg__75: reg__75
logic__994: logic__994
logic__1027: logic__1027
muxpart__27: muxpart__27
case__143: case__143
reg__60: reg__60
muxpart__53: muxpart__53
logic__997: logic__997
logic__729: logic__729
logic__859: logic__859
logic__717: logic__717
muxpart__131: muxpart__131
bullet_right__xdcDup__1: bullet_right__xdcDup__1
case__199: case__199
case__155: case__155
bullet_down_palette__5: bullet_down_palette
logic__1342: logic__1342
logic__833: logic__833
case__236: case__236
logic__1225: logic__1225
logic__513: logic__513
logic__439: logic__439
case__303: case__303
logic__1192: logic__1192
logic__1131: logic__1131
muxpart__3: muxpart__3
case__338: case__18
case__302: case__302
logic__719: logic__719
reg__102: reg__102
datapath__144: datapath__144
case__59: case__59
datapath__59: datapath__59
case__340: case__18
case__88: case__88
datapath__146: datapath__146
logic__1044: logic__1044
case__268: case__268
case__228: case__228
logic__279: logic__279
muxpart__28: muxpart__28
bullet_right__xdcDup__2: bullet_right__xdcDup__2
case__201: case__201
case__70: case__70
reg__126: reg__26
logic__727: logic__727
case__191: case__191
brick_rom: brick_rom
mb_block_rst_clk_wiz_1_100M_0: mb_block_rst_clk_wiz_1_100M_0
datapath__94: datapath__94
tank_down__xdcDup__2: tank_down__xdcDup__2
muxpart__139: muxpart__139
bullet_right_rom: bullet_right_rom
logic__1682: logic__153
case__192: case__192
bullet_right_rom__4: bullet_right_rom
case__147: case__147
case__232: case__232
reg__14: reg__14
muxpart__134: muxpart__134
datapath__216: datapath__216
datapath__221: datapath__221
logic__1691: logic
muxpart__73: muxpart__73
logic__1222: logic__1222
datapath__241: datapath__241
logic__241: logic__241
case__75: case__75
reg__95: reg__95
logic__667: logic__667
case__53: case__53
datapath__25: datapath__25
case__240: case__240
reg__19: reg__19
logic__53: logic__53
logic__671: logic__671
datapath__41: datapath__41
muxpart__21: muxpart__21
bullet_down_palette: bullet_down_palette
datapath__114: datapath__114
case__207: case__207
enemy_tank_up_palette: enemy_tank_up_palette
case__87: case__87
muxpart__42: muxpart__42
reg__103: reg__103
case__50: case__50
case__249: case__249
bullet_left__xdcDup__2: bullet_left__xdcDup__2
case__115: case__115
enemy_tank_left_palette__6: enemy_tank_left_palette
datapath__16: datapath__16
datapath__119: datapath__119
case__291: case__291
case__132: case__132
logic__749: logic__749
datapath__128: datapath__128
mb_block_axi_gpio_0_2: mb_block_axi_gpio_0_2
logic__1552: logic__1552
tank_right_rom: tank_right_rom
reg__2: reg__2
datapath__21: datapath__21
datapath__186: datapath__186
logic__1683: logic__150
logic__1641: logic__1641
logic__174: logic__174
case__94: case__94
logic__566: logic__566
case__165: case__165
muxpart__39: muxpart__39
logic__648: logic__648
logic__150: logic__150
case__112: case__112
datapath__138: datapath__138
logic__673: logic__673
logic__699: logic__699
logic__1354: logic__1354
datapath__93: datapath__93
case__69: case__69
case__316: case__316
logic__1578: logic__1578
tank__parameterized1: tank__parameterized1
datapath__63: datapath__63
logic__127: logic__127
logic__1649: logic__1649
logic__22: logic__22
logic__147: logic__147
muxpart__37: muxpart__37
datapath__86: datapath__86
datapath__259: datapath__52
mb_block_axi_gpio_0_1: mb_block_axi_gpio_0_1
logic__1339: logic__1339
tank_down_rom__6: tank_down_rom
logic__1485: logic__1485
case__81: case__81
datapath__187: datapath__187
logic__811: logic__811
logic__148: logic__148
logic__38: logic__38
logic__556: logic__556
muxpart__7: muxpart__7
case__219: case__219
logic__588: logic__588
logic__1228: logic__1228
logic__1013: logic__1013
reg__111: reg__111
datapath__217: datapath__217
case__269: case__269
logic__1324: logic__1324
reg__68: reg__68
case__314: case__314
muxpart__58: muxpart__58
muxpart__12: muxpart__12
datapath__117: datapath__117
datapath__58: datapath__58
logic__962: logic__962
logic__476: logic__476
logic__470: logic__470
datapath__248: datapath__248
bullet_left_palette__6: bullet_left_palette
datapath__194: datapath__194
case__144: case__144
logic__510: logic__510
logic__1078: logic__1078
